
===========================================================================
report_checks -path_delay max (Setup)
============================================================================
Startpoint: rst_n (input port clocked by clk)
Endpoint: _12651_ (recovery check against rising-edge clock clk)
Path Group: **async_default**
Path Type: max

Fanout     Cap    Slew   Delay    Time   Description
-----------------------------------------------------------------------------
                  0.15    0.00    0.00   clock clk (rise edge)
                          0.00    0.00   clock network delay (ideal)
                          2.00    2.00 ^ input external delay
                  5.19    3.72    5.72 ^ rst_n (in)
   312    1.16                           rst_n (net)
                  5.19    0.00    5.72 ^ _12651_/RESET_B (sky130_fd_sc_hd__dfrtp_2)
                                  5.72   data arrival time

                  0.15   10.00   10.00   clock clk (rise edge)
                          0.00   10.00   clock network delay (ideal)
                         -0.25    9.75   clock uncertainty
                          0.00    9.75   clock reconvergence pessimism
                                  9.75 ^ _12651_/CLK (sky130_fd_sc_hd__dfrtp_2)
                         -1.48    8.27   library recovery time
                                  8.27   data required time
-----------------------------------------------------------------------------
                                  8.27   data required time
                                 -5.72   data arrival time
-----------------------------------------------------------------------------
                                  2.55   slack (MET)


Startpoint: rst_n (input port clocked by clk)
Endpoint: _12652_ (recovery check against rising-edge clock clk)
Path Group: **async_default**
Path Type: max

Fanout     Cap    Slew   Delay    Time   Description
-----------------------------------------------------------------------------
                  0.15    0.00    0.00   clock clk (rise edge)
                          0.00    0.00   clock network delay (ideal)
                          2.00    2.00 ^ input external delay
                  5.19    3.72    5.72 ^ rst_n (in)
   312    1.16                           rst_n (net)
                  5.19    0.00    5.72 ^ _12652_/RESET_B (sky130_fd_sc_hd__dfrtp_2)
                                  5.72   data arrival time

                  0.15   10.00   10.00   clock clk (rise edge)
                          0.00   10.00   clock network delay (ideal)
                         -0.25    9.75   clock uncertainty
                          0.00    9.75   clock reconvergence pessimism
                                  9.75 ^ _12652_/CLK (sky130_fd_sc_hd__dfrtp_2)
                         -1.48    8.27   library recovery time
                                  8.27   data required time
-----------------------------------------------------------------------------
                                  8.27   data required time
                                 -5.72   data arrival time
-----------------------------------------------------------------------------
                                  2.55   slack (MET)


Startpoint: rst_n (input port clocked by clk)
Endpoint: _12653_ (recovery check against rising-edge clock clk)
Path Group: **async_default**
Path Type: max

Fanout     Cap    Slew   Delay    Time   Description
-----------------------------------------------------------------------------
                  0.15    0.00    0.00   clock clk (rise edge)
                          0.00    0.00   clock network delay (ideal)
                          2.00    2.00 ^ input external delay
                  5.19    3.72    5.72 ^ rst_n (in)
   312    1.16                           rst_n (net)
                  5.19    0.00    5.72 ^ _12653_/RESET_B (sky130_fd_sc_hd__dfrtp_2)
                                  5.72   data arrival time

                  0.15   10.00   10.00   clock clk (rise edge)
                          0.00   10.00   clock network delay (ideal)
                         -0.25    9.75   clock uncertainty
                          0.00    9.75   clock reconvergence pessimism
                                  9.75 ^ _12653_/CLK (sky130_fd_sc_hd__dfrtp_2)
                         -1.48    8.27   library recovery time
                                  8.27   data required time
-----------------------------------------------------------------------------
                                  8.27   data required time
                                 -5.72   data arrival time
-----------------------------------------------------------------------------
                                  2.55   slack (MET)


Startpoint: rst_n (input port clocked by clk)
Endpoint: _12654_ (recovery check against rising-edge clock clk)
Path Group: **async_default**
Path Type: max

Fanout     Cap    Slew   Delay    Time   Description
-----------------------------------------------------------------------------
                  0.15    0.00    0.00   clock clk (rise edge)
                          0.00    0.00   clock network delay (ideal)
                          2.00    2.00 ^ input external delay
                  5.19    3.72    5.72 ^ rst_n (in)
   312    1.16                           rst_n (net)
                  5.19    0.00    5.72 ^ _12654_/RESET_B (sky130_fd_sc_hd__dfrtp_2)
                                  5.72   data arrival time

                  0.15   10.00   10.00   clock clk (rise edge)
                          0.00   10.00   clock network delay (ideal)
                         -0.25    9.75   clock uncertainty
                          0.00    9.75   clock reconvergence pessimism
                                  9.75 ^ _12654_/CLK (sky130_fd_sc_hd__dfrtp_2)
                         -1.48    8.27   library recovery time
                                  8.27   data required time
-----------------------------------------------------------------------------
                                  8.27   data required time
                                 -5.72   data arrival time
-----------------------------------------------------------------------------
                                  2.55   slack (MET)


Startpoint: rst_n (input port clocked by clk)
Endpoint: _12655_ (recovery check against rising-edge clock clk)
Path Group: **async_default**
Path Type: max

Fanout     Cap    Slew   Delay    Time   Description
-----------------------------------------------------------------------------
                  0.15    0.00    0.00   clock clk (rise edge)
                          0.00    0.00   clock network delay (ideal)
                          2.00    2.00 ^ input external delay
                  5.19    3.72    5.72 ^ rst_n (in)
   312    1.16                           rst_n (net)
                  5.19    0.00    5.72 ^ _12655_/RESET_B (sky130_fd_sc_hd__dfrtp_2)
                                  5.72   data arrival time

                  0.15   10.00   10.00   clock clk (rise edge)
                          0.00   10.00   clock network delay (ideal)
                         -0.25    9.75   clock uncertainty
                          0.00    9.75   clock reconvergence pessimism
                                  9.75 ^ _12655_/CLK (sky130_fd_sc_hd__dfrtp_2)
                         -1.48    8.27   library recovery time
                                  8.27   data required time
-----------------------------------------------------------------------------
                                  8.27   data required time
                                 -5.72   data arrival time
-----------------------------------------------------------------------------
                                  2.55   slack (MET)


Startpoint: _13170_ (rising edge-triggered flip-flop clocked by clk)
Endpoint: _13162_ (rising edge-triggered flip-flop clocked by clk)
Path Group: clk
Path Type: max

Fanout     Cap    Slew   Delay    Time   Description
-----------------------------------------------------------------------------
                  0.15    0.00    0.00   clock clk (rise edge)
                          0.00    0.00   clock network delay (ideal)
                  0.15    0.00    0.00 ^ _13170_/CLK (sky130_fd_sc_hd__dfxtp_2)
                  0.10    0.41    0.41 ^ _13170_/Q (sky130_fd_sc_hd__dfxtp_2)
     5    0.02                           sa_inst.sak.rows:1.cols:3.pe_ij.s3fdp_inst.significand_product_shifter_inst._0_[1] (net)
                  0.10    0.00    0.42 ^ _07226_/A (sky130_fd_sc_hd__buf_1)
                  0.20    0.21    0.63 ^ _07226_/X (sky130_fd_sc_hd__buf_1)
     5    0.02                           _01817_ (net)
                  0.20    0.00    0.64 ^ _07264_/A (sky130_fd_sc_hd__buf_1)
                  0.19    0.23    0.86 ^ _07264_/X (sky130_fd_sc_hd__buf_1)
     5    0.02                           _01853_ (net)
                  0.19    0.00    0.87 ^ _07267_/S (sky130_fd_sc_hd__mux2_2)
                  0.05    0.37    1.24 v _07267_/X (sky130_fd_sc_hd__mux2_2)
     1    0.00                           _01856_ (net)
                  0.05    0.00    1.24 v _07270_/A2 (sky130_fd_sc_hd__a21o_2)
                  0.04    0.22    1.46 v _07270_/X (sky130_fd_sc_hd__a21o_2)
     1    0.00                           _01859_ (net)
                  0.04    0.01    1.47 v _07271_/B1 (sky130_fd_sc_hd__a22oi_2)
                  0.26    0.22    1.69 ^ _07271_/Y (sky130_fd_sc_hd__a22oi_2)
     3    0.02                           _01860_ (net)
                  0.26    0.01    1.70 ^ _07284_/B (sky130_fd_sc_hd__nor3b_2)
                  0.07    0.09    1.79 v _07284_/Y (sky130_fd_sc_hd__nor3b_2)
     2    0.01                           _01872_ (net)
                  0.07    0.00    1.79 v _07285_/A (sky130_fd_sc_hd__buf_1)
                  0.10    0.16    1.96 v _07285_/X (sky130_fd_sc_hd__buf_1)
     5    0.02                           _01873_ (net)
                  0.10    0.00    1.96 v _07290_/A (sky130_fd_sc_hd__or3b_2)
                  0.08    0.51    2.47 v _07290_/X (sky130_fd_sc_hd__or3b_2)
     2    0.00                           _01878_ (net)
                  0.08    0.00    2.47 v _07304_/C1 (sky130_fd_sc_hd__o211a_2)
                  0.05    0.14    2.61 v _07304_/X (sky130_fd_sc_hd__o211a_2)
     2    0.01                           _01891_ (net)
                  0.05    0.00    2.62 v _07305_/C (sky130_fd_sc_hd__or3_2)
                  0.09    0.45    3.06 v _07305_/X (sky130_fd_sc_hd__or3_2)
     3    0.01                           _01892_ (net)
                  0.09    0.00    3.07 v _07338_/A2 (sky130_fd_sc_hd__a311o_2)
                  0.07    0.42    3.48 v _07338_/X (sky130_fd_sc_hd__a311o_2)
     4    0.01                           _01923_ (net)
                  0.07    0.00    3.49 v _07417_/A1 (sky130_fd_sc_hd__a2111o_2)
                  0.07    0.46    3.95 v _07417_/X (sky130_fd_sc_hd__a2111o_2)
     2    0.01                           _01996_ (net)
                  0.08    0.00    3.95 v _07424_/A3 (sky130_fd_sc_hd__a31o_2)
                  0.05    0.28    4.23 v _07424_/X (sky130_fd_sc_hd__a31o_2)
     3    0.01                           _02003_ (net)
                  0.05    0.01    4.24 v _07460_/A1 (sky130_fd_sc_hd__o41ai_2)
                  0.53    0.60    4.83 ^ _07460_/Y (sky130_fd_sc_hd__o41ai_2)
     4    0.02                           _02035_ (net)
                  0.53    0.00    4.83 ^ _07535_/A1 (sky130_fd_sc_hd__a211o_2)
                  0.11    0.29    5.13 ^ _07535_/X (sky130_fd_sc_hd__a211o_2)
     5    0.02                           _02102_ (net)
                  0.11    0.01    5.13 ^ _07563_/A1 (sky130_fd_sc_hd__a31oi_2)
                  0.09    0.12    5.25 v _07563_/Y (sky130_fd_sc_hd__a31oi_2)
     3    0.01                           _02126_ (net)
                  0.09    0.00    5.25 v _07578_/A (sky130_fd_sc_hd__or4bb_2)
                  0.13    0.73    5.98 v _07578_/X (sky130_fd_sc_hd__or4bb_2)
     3    0.01                           _02139_ (net)
                  0.13    0.01    5.98 v _07587_/A2 (sky130_fd_sc_hd__a21oi_2)
                  0.13    0.20    6.18 ^ _07587_/Y (sky130_fd_sc_hd__a21oi_2)
     2    0.01                           _02147_ (net)
                  0.13    0.01    6.19 ^ _07589_/A2 (sky130_fd_sc_hd__o211ai_2)
                  0.05    0.08    6.27 v _07589_/Y (sky130_fd_sc_hd__o211ai_2)
     1    0.00                           _02149_ (net)
                  0.05    0.00    6.28 v _07590_/A3 (sky130_fd_sc_hd__a31o_2)
                  0.04    0.25    6.53 v _07590_/X (sky130_fd_sc_hd__a31o_2)
     1    0.00                           sa_inst.sak.rows:1.cols:3.pe_ij.s3fdp_inst._24_[31] (net)
                  0.04    0.00    6.53 v _13162_/D (sky130_fd_sc_hd__dfrtp_2)
                                  6.53   data arrival time

                  0.15   10.00   10.00   clock clk (rise edge)
                          0.00   10.00   clock network delay (ideal)
                         -0.25    9.75   clock uncertainty
                          0.00    9.75   clock reconvergence pessimism
                                  9.75 ^ _13162_/CLK (sky130_fd_sc_hd__dfrtp_2)
                         -0.09    9.66   library setup time
                                  9.66   data required time
-----------------------------------------------------------------------------
                                  9.66   data required time
                                 -6.53   data arrival time
-----------------------------------------------------------------------------
                                  3.13   slack (MET)


Startpoint: _13170_ (rising edge-triggered flip-flop clocked by clk)
Endpoint: _13554_ (rising edge-triggered flip-flop clocked by clk)
Path Group: clk
Path Type: max

Fanout     Cap    Slew   Delay    Time   Description
-----------------------------------------------------------------------------
                  0.15    0.00    0.00   clock clk (rise edge)
                          0.00    0.00   clock network delay (ideal)
                  0.15    0.00    0.00 ^ _13170_/CLK (sky130_fd_sc_hd__dfxtp_2)
                  0.10    0.41    0.41 ^ _13170_/Q (sky130_fd_sc_hd__dfxtp_2)
     5    0.02                           sa_inst.sak.rows:1.cols:3.pe_ij.s3fdp_inst.significand_product_shifter_inst._0_[1] (net)
                  0.10    0.00    0.42 ^ _07226_/A (sky130_fd_sc_hd__buf_1)
                  0.20    0.21    0.63 ^ _07226_/X (sky130_fd_sc_hd__buf_1)
     5    0.02                           _01817_ (net)
                  0.20    0.00    0.64 ^ _07264_/A (sky130_fd_sc_hd__buf_1)
                  0.19    0.23    0.86 ^ _07264_/X (sky130_fd_sc_hd__buf_1)
     5    0.02                           _01853_ (net)
                  0.19    0.00    0.87 ^ _07267_/S (sky130_fd_sc_hd__mux2_2)
                  0.05    0.37    1.24 v _07267_/X (sky130_fd_sc_hd__mux2_2)
     1    0.00                           _01856_ (net)
                  0.05    0.00    1.24 v _07270_/A2 (sky130_fd_sc_hd__a21o_2)
                  0.04    0.22    1.46 v _07270_/X (sky130_fd_sc_hd__a21o_2)
     1    0.00                           _01859_ (net)
                  0.04    0.01    1.47 v _07271_/B1 (sky130_fd_sc_hd__a22oi_2)
                  0.26    0.22    1.69 ^ _07271_/Y (sky130_fd_sc_hd__a22oi_2)
     3    0.02                           _01860_ (net)
                  0.26    0.01    1.70 ^ _07284_/B (sky130_fd_sc_hd__nor3b_2)
                  0.07    0.09    1.79 v _07284_/Y (sky130_fd_sc_hd__nor3b_2)
     2    0.01                           _01872_ (net)
                  0.07    0.00    1.79 v _07285_/A (sky130_fd_sc_hd__buf_1)
                  0.10    0.16    1.96 v _07285_/X (sky130_fd_sc_hd__buf_1)
     5    0.02                           _01873_ (net)
                  0.10    0.00    1.96 v _09099_/A (sky130_fd_sc_hd__or3b_2)
                  0.08    0.51    2.47 v _09099_/X (sky130_fd_sc_hd__or3b_2)
     2    0.00                           _03435_ (net)
                  0.08    0.00    2.47 v _09108_/C1 (sky130_fd_sc_hd__o211a_2)
                  0.05    0.14    2.61 v _09108_/X (sky130_fd_sc_hd__o211a_2)
     2    0.01                           _03443_ (net)
                  0.05    0.00    2.62 v _09109_/C (sky130_fd_sc_hd__or3_2)
                  0.10    0.47    3.09 v _09109_/X (sky130_fd_sc_hd__or3_2)
     4    0.01                           _03444_ (net)
                  0.11    0.00    3.09 v _09134_/A (sky130_fd_sc_hd__or4_2)
                  0.11    0.71    3.80 v _09134_/X (sky130_fd_sc_hd__or4_2)
     2    0.00                           _03465_ (net)
                  0.11    0.00    3.81 v _09162_/A3 (sky130_fd_sc_hd__a311o_2)
                  0.05    0.42    4.22 v _09162_/X (sky130_fd_sc_hd__a311o_2)
     1    0.00                           _03489_ (net)
                  0.05    0.00    4.23 v _09166_/A3 (sky130_fd_sc_hd__a31o_2)
                  0.06    0.28    4.51 v _09166_/X (sky130_fd_sc_hd__a31o_2)
     4    0.01                           _03493_ (net)
                  0.06    0.00    4.52 v _09193_/B2 (sky130_fd_sc_hd__o221a_2)
                  0.07    0.28    4.80 v _09193_/X (sky130_fd_sc_hd__o221a_2)
     4    0.01                           _03516_ (net)
                  0.07    0.01    4.80 v _09245_/A1 (sky130_fd_sc_hd__o21ai_2)
                  0.24    0.26    5.06 ^ _09245_/Y (sky130_fd_sc_hd__o21ai_2)
     5    0.02                           _03560_ (net)
                  0.24    0.01    5.07 ^ _09269_/A1 (sky130_fd_sc_hd__a31oi_2)
                  0.11    0.16    5.23 v _09269_/Y (sky130_fd_sc_hd__a31oi_2)
     3    0.01                           _03580_ (net)
                  0.11    0.00    5.23 v _09282_/A (sky130_fd_sc_hd__or4bb_2)
                  0.11    0.70    5.93 v _09282_/X (sky130_fd_sc_hd__or4bb_2)
     2    0.01                           _03591_ (net)
                  0.11    0.00    5.93 v _09286_/A2 (sky130_fd_sc_hd__a21o_2)
                  0.05    0.26    6.20 v _09286_/X (sky130_fd_sc_hd__a21o_2)
     3    0.01                           _03595_ (net)
                  0.05    0.00    6.20 v _09291_/A2 (sky130_fd_sc_hd__a31o_2)
                  0.04    0.24    6.44 v _09291_/X (sky130_fd_sc_hd__a31o_2)
     1    0.00                           _03599_ (net)
                  0.04    0.01    6.45 v _09292_/A2 (sky130_fd_sc_hd__o21bai_2)
                  0.09    0.10    6.55 ^ _09292_/Y (sky130_fd_sc_hd__o21bai_2)
     1    0.00                           sa_inst.sak.rows:3.cols:1.pe_ij.s3fdp_inst._24_[31] (net)
                  0.09    0.00    6.55 ^ _13554_/D (sky130_fd_sc_hd__dfrtp_2)
                                  6.55   data arrival time

                  0.15   10.00   10.00   clock clk (rise edge)
                          0.00   10.00   clock network delay (ideal)
                         -0.25    9.75   clock uncertainty
                          0.00    9.75   clock reconvergence pessimism
                                  9.75 ^ _13554_/CLK (sky130_fd_sc_hd__dfrtp_2)
                         -0.06    9.69   library setup time
                                  9.69   data required time
-----------------------------------------------------------------------------
                                  9.69   data required time
                                 -6.55   data arrival time
-----------------------------------------------------------------------------
                                  3.14   slack (MET)


Startpoint: _13170_ (rising edge-triggered flip-flop clocked by clk)
Endpoint: _13161_ (rising edge-triggered flip-flop clocked by clk)
Path Group: clk
Path Type: max

Fanout     Cap    Slew   Delay    Time   Description
-----------------------------------------------------------------------------
                  0.15    0.00    0.00   clock clk (rise edge)
                          0.00    0.00   clock network delay (ideal)
                  0.15    0.00    0.00 ^ _13170_/CLK (sky130_fd_sc_hd__dfxtp_2)
                  0.10    0.41    0.41 ^ _13170_/Q (sky130_fd_sc_hd__dfxtp_2)
     5    0.02                           sa_inst.sak.rows:1.cols:3.pe_ij.s3fdp_inst.significand_product_shifter_inst._0_[1] (net)
                  0.10    0.00    0.42 ^ _07226_/A (sky130_fd_sc_hd__buf_1)
                  0.20    0.21    0.63 ^ _07226_/X (sky130_fd_sc_hd__buf_1)
     5    0.02                           _01817_ (net)
                  0.20    0.00    0.64 ^ _07264_/A (sky130_fd_sc_hd__buf_1)
                  0.19    0.23    0.86 ^ _07264_/X (sky130_fd_sc_hd__buf_1)
     5    0.02                           _01853_ (net)
                  0.19    0.00    0.87 ^ _07267_/S (sky130_fd_sc_hd__mux2_2)
                  0.05    0.37    1.24 v _07267_/X (sky130_fd_sc_hd__mux2_2)
     1    0.00                           _01856_ (net)
                  0.05    0.00    1.24 v _07270_/A2 (sky130_fd_sc_hd__a21o_2)
                  0.04    0.22    1.46 v _07270_/X (sky130_fd_sc_hd__a21o_2)
     1    0.00                           _01859_ (net)
                  0.04    0.01    1.47 v _07271_/B1 (sky130_fd_sc_hd__a22oi_2)
                  0.26    0.22    1.69 ^ _07271_/Y (sky130_fd_sc_hd__a22oi_2)
     3    0.02                           _01860_ (net)
                  0.26    0.01    1.70 ^ _07284_/B (sky130_fd_sc_hd__nor3b_2)
                  0.07    0.09    1.79 v _07284_/Y (sky130_fd_sc_hd__nor3b_2)
     2    0.01                           _01872_ (net)
                  0.07    0.00    1.79 v _07285_/A (sky130_fd_sc_hd__buf_1)
                  0.10    0.16    1.96 v _07285_/X (sky130_fd_sc_hd__buf_1)
     5    0.02                           _01873_ (net)
                  0.10    0.00    1.96 v _07290_/A (sky130_fd_sc_hd__or3b_2)
                  0.08    0.51    2.47 v _07290_/X (sky130_fd_sc_hd__or3b_2)
     2    0.00                           _01878_ (net)
                  0.08    0.00    2.47 v _07304_/C1 (sky130_fd_sc_hd__o211a_2)
                  0.05    0.14    2.61 v _07304_/X (sky130_fd_sc_hd__o211a_2)
     2    0.01                           _01891_ (net)
                  0.05    0.00    2.62 v _07305_/C (sky130_fd_sc_hd__or3_2)
                  0.09    0.45    3.06 v _07305_/X (sky130_fd_sc_hd__or3_2)
     3    0.01                           _01892_ (net)
                  0.09    0.00    3.07 v _07338_/A2 (sky130_fd_sc_hd__a311o_2)
                  0.07    0.42    3.48 v _07338_/X (sky130_fd_sc_hd__a311o_2)
     4    0.01                           _01923_ (net)
                  0.07    0.00    3.49 v _07417_/A1 (sky130_fd_sc_hd__a2111o_2)
                  0.07    0.46    3.95 v _07417_/X (sky130_fd_sc_hd__a2111o_2)
     2    0.01                           _01996_ (net)
                  0.08    0.00    3.95 v _07424_/A3 (sky130_fd_sc_hd__a31o_2)
                  0.05    0.28    4.23 v _07424_/X (sky130_fd_sc_hd__a31o_2)
     3    0.01                           _02003_ (net)
                  0.05    0.01    4.24 v _07460_/A1 (sky130_fd_sc_hd__o41ai_2)
                  0.53    0.60    4.83 ^ _07460_/Y (sky130_fd_sc_hd__o41ai_2)
     4    0.02                           _02035_ (net)
                  0.53    0.00    4.83 ^ _07535_/A1 (sky130_fd_sc_hd__a211o_2)
                  0.11    0.29    5.13 ^ _07535_/X (sky130_fd_sc_hd__a211o_2)
     5    0.02                           _02102_ (net)
                  0.11    0.01    5.13 ^ _07563_/A1 (sky130_fd_sc_hd__a31oi_2)
                  0.09    0.12    5.25 v _07563_/Y (sky130_fd_sc_hd__a31oi_2)
     3    0.01                           _02126_ (net)
                  0.09    0.00    5.25 v _07578_/A (sky130_fd_sc_hd__or4bb_2)
                  0.13    0.73    5.98 v _07578_/X (sky130_fd_sc_hd__or4bb_2)
     3    0.01                           _02139_ (net)
                  0.13    0.00    5.98 v _07582_/A2 (sky130_fd_sc_hd__a21o_2)
                  0.03    0.25    6.22 v _07582_/X (sky130_fd_sc_hd__a21o_2)
     1    0.00                           _02143_ (net)
                  0.03    0.00    6.23 v _07584_/A2 (sky130_fd_sc_hd__a31o_2)
                  0.04    0.23    6.46 v _07584_/X (sky130_fd_sc_hd__a31o_2)
     1    0.00                           sa_inst.sak.rows:1.cols:3.pe_ij.s3fdp_inst._24_[30] (net)
                  0.04    0.00    6.46 v _13161_/D (sky130_fd_sc_hd__dfrtp_2)
                                  6.46   data arrival time

                  0.15   10.00   10.00   clock clk (rise edge)
                          0.00   10.00   clock network delay (ideal)
                         -0.25    9.75   clock uncertainty
                          0.00    9.75   clock reconvergence pessimism
                                  9.75 ^ _13161_/CLK (sky130_fd_sc_hd__dfrtp_2)
                         -0.09    9.66   library setup time
                                  9.66   data required time
-----------------------------------------------------------------------------
                                  9.66   data required time
                                 -6.46   data arrival time
-----------------------------------------------------------------------------
                                  3.20   slack (MET)


Startpoint: rst_n (input port clocked by clk)
Endpoint: _14729_ (rising edge-triggered flip-flop clocked by clk)
Path Group: clk
Path Type: max

Fanout     Cap    Slew   Delay    Time   Description
-----------------------------------------------------------------------------
                  0.15    0.00    0.00   clock clk (rise edge)
                          0.00    0.00   clock network delay (ideal)
                          2.00    2.00 ^ input external delay
                  5.19    3.72    5.72 ^ rst_n (in)
   312    1.16                           rst_n (net)
                  5.19    0.00    5.72 ^ _12579_/A (sky130_fd_sc_hd__buf_1)
                  0.21    0.34    6.06 ^ _12579_/X (sky130_fd_sc_hd__buf_1)
     5    0.02                           _05847_ (net)
                  0.21    0.00    6.07 ^ _12580_/A (sky130_fd_sc_hd__buf_1)
                  0.24    0.26    6.32 ^ _12580_/X (sky130_fd_sc_hd__buf_1)
     5    0.02                           _05848_ (net)
                  0.24    0.00    6.33 ^ _12597_/B1 (sky130_fd_sc_hd__o21a_2)
                  0.03    0.17    6.50 ^ _12597_/X (sky130_fd_sc_hd__o21a_2)
     1    0.00                           _00663_ (net)
                  0.03    0.00    6.51 ^ _14729_/D (sky130_fd_sc_hd__dfxtp_2)
                                  6.51   data arrival time

                  0.15   10.00   10.00   clock clk (rise edge)
                          0.00   10.00   clock network delay (ideal)
                         -0.25    9.75   clock uncertainty
                          0.00    9.75   clock reconvergence pessimism
                                  9.75 ^ _14729_/CLK (sky130_fd_sc_hd__dfxtp_2)
                         -0.04    9.71   library setup time
                                  9.71   data required time
-----------------------------------------------------------------------------
                                  9.71   data required time
                                 -6.51   data arrival time
-----------------------------------------------------------------------------
                                  3.20   slack (MET)


Startpoint: rst_n (input port clocked by clk)
Endpoint: _14735_ (rising edge-triggered flip-flop clocked by clk)
Path Group: clk
Path Type: max

Fanout     Cap    Slew   Delay    Time   Description
-----------------------------------------------------------------------------
                  0.15    0.00    0.00   clock clk (rise edge)
                          0.00    0.00   clock network delay (ideal)
                          2.00    2.00 ^ input external delay
                  5.19    3.72    5.72 ^ rst_n (in)
   312    1.16                           rst_n (net)
                  5.19    0.00    5.72 ^ _12579_/A (sky130_fd_sc_hd__buf_1)
                  0.21    0.34    6.06 ^ _12579_/X (sky130_fd_sc_hd__buf_1)
     5    0.02                           _05847_ (net)
                  0.21    0.00    6.07 ^ _12580_/A (sky130_fd_sc_hd__buf_1)
                  0.24    0.26    6.32 ^ _12580_/X (sky130_fd_sc_hd__buf_1)
     5    0.02                           _05848_ (net)
                  0.24    0.00    6.33 ^ _12615_/B1 (sky130_fd_sc_hd__o21a_2)
                  0.03    0.17    6.50 ^ _12615_/X (sky130_fd_sc_hd__o21a_2)
     1    0.00                           _00669_ (net)
                  0.03    0.00    6.51 ^ _14735_/D (sky130_fd_sc_hd__dfxtp_2)
                                  6.51   data arrival time

                  0.15   10.00   10.00   clock clk (rise edge)
                          0.00   10.00   clock network delay (ideal)
                         -0.25    9.75   clock uncertainty
                          0.00    9.75   clock reconvergence pessimism
                                  9.75 ^ _14735_/CLK (sky130_fd_sc_hd__dfxtp_2)
                         -0.04    9.71   library setup time
                                  9.71   data required time
-----------------------------------------------------------------------------
                                  9.71   data required time
                                 -6.51   data arrival time
-----------------------------------------------------------------------------
                                  3.20   slack (MET)


