
===========================================================================
 report_check_types -max_slew -max_cap -max_fanout -violators
============================================================================
max slew

Pin                                    Limit    Slew   Slack
------------------------------------------------------------
rst_n                                   1.50    5.19   -3.69 (VIOLATED)
_12579_/A                               1.50    5.19   -3.69 (VIOLATED)
_12593_/A                               1.50    5.19   -3.69 (VIOLATED)
_12609_/A                               1.50    5.19   -3.69 (VIOLATED)
_12651_/RESET_B                         1.50    5.19   -3.69 (VIOLATED)
_12652_/RESET_B                         1.50    5.19   -3.69 (VIOLATED)
_12653_/RESET_B                         1.50    5.19   -3.69 (VIOLATED)
_12654_/RESET_B                         1.50    5.19   -3.69 (VIOLATED)
_12655_/RESET_B                         1.50    5.19   -3.69 (VIOLATED)
_12656_/RESET_B                         1.50    5.19   -3.69 (VIOLATED)
_12657_/RESET_B                         1.50    5.19   -3.69 (VIOLATED)
_12658_/RESET_B                         1.50    5.19   -3.69 (VIOLATED)
_12659_/RESET_B                         1.50    5.19   -3.69 (VIOLATED)
_12660_/RESET_B                         1.50    5.19   -3.69 (VIOLATED)
_12661_/RESET_B                         1.50    5.19   -3.69 (VIOLATED)
_12662_/RESET_B                         1.50    5.19   -3.69 (VIOLATED)
_12876_/RESET_B                         1.50    5.19   -3.69 (VIOLATED)
_12877_/RESET_B                         1.50    5.19   -3.69 (VIOLATED)
_12878_/RESET_B                         1.50    5.19   -3.69 (VIOLATED)
_12879_/RESET_B                         1.50    5.19   -3.69 (VIOLATED)
_12880_/RESET_B                         1.50    5.19   -3.69 (VIOLATED)
_12881_/RESET_B                         1.50    5.19   -3.69 (VIOLATED)
_12882_/RESET_B                         1.50    5.19   -3.69 (VIOLATED)
_12883_/RESET_B                         1.50    5.19   -3.69 (VIOLATED)
_12884_/RESET_B                         1.50    5.19   -3.69 (VIOLATED)
_12885_/RESET_B                         1.50    5.19   -3.69 (VIOLATED)
_12886_/RESET_B                         1.50    5.19   -3.69 (VIOLATED)
_12887_/RESET_B                         1.50    5.19   -3.69 (VIOLATED)
_12888_/RESET_B                         1.50    5.19   -3.69 (VIOLATED)
_12889_/RESET_B                         1.50    5.19   -3.69 (VIOLATED)
_12890_/RESET_B                         1.50    5.19   -3.69 (VIOLATED)
_12891_/RESET_B                         1.50    5.19   -3.69 (VIOLATED)
_12892_/RESET_B                         1.50    5.19   -3.69 (VIOLATED)
_12893_/RESET_B                         1.50    5.19   -3.69 (VIOLATED)
_12894_/RESET_B                         1.50    5.19   -3.69 (VIOLATED)
_12895_/RESET_B                         1.50    5.19   -3.69 (VIOLATED)
_12896_/RESET_B                         1.50    5.19   -3.69 (VIOLATED)
_12897_/RESET_B                         1.50    5.19   -3.69 (VIOLATED)
_12898_/RESET_B                         1.50    5.19   -3.69 (VIOLATED)
_12899_/RESET_B                         1.50    5.19   -3.69 (VIOLATED)
_12900_/RESET_B                         1.50    5.19   -3.69 (VIOLATED)
_12901_/RESET_B                         1.50    5.19   -3.69 (VIOLATED)
_12902_/RESET_B                         1.50    5.19   -3.69 (VIOLATED)
_12903_/RESET_B                         1.50    5.19   -3.69 (VIOLATED)
_12904_/RESET_B                         1.50    5.19   -3.69 (VIOLATED)
_12905_/RESET_B                         1.50    5.19   -3.69 (VIOLATED)
_12906_/RESET_B                         1.50    5.19   -3.69 (VIOLATED)
_12907_/RESET_B                         1.50    5.19   -3.69 (VIOLATED)
_12908_/RESET_B                         1.50    5.19   -3.69 (VIOLATED)
_12998_/RESET_B                         1.50    5.19   -3.69 (VIOLATED)
_12999_/RESET_B                         1.50    5.19   -3.69 (VIOLATED)
_13000_/RESET_B                         1.50    5.19   -3.69 (VIOLATED)
_13001_/RESET_B                         1.50    5.19   -3.69 (VIOLATED)
_13002_/RESET_B                         1.50    5.19   -3.69 (VIOLATED)
_13003_/RESET_B                         1.50    5.19   -3.69 (VIOLATED)
_13004_/RESET_B                         1.50    5.19   -3.69 (VIOLATED)
_13005_/RESET_B                         1.50    5.19   -3.69 (VIOLATED)
_13006_/RESET_B                         1.50    5.19   -3.69 (VIOLATED)
_13007_/RESET_B                         1.50    5.19   -3.69 (VIOLATED)
_13008_/RESET_B                         1.50    5.19   -3.69 (VIOLATED)
_13009_/RESET_B                         1.50    5.19   -3.69 (VIOLATED)
_13010_/RESET_B                         1.50    5.19   -3.69 (VIOLATED)
_13011_/RESET_B                         1.50    5.19   -3.69 (VIOLATED)
_13012_/RESET_B                         1.50    5.19   -3.69 (VIOLATED)
_13013_/RESET_B                         1.50    5.19   -3.69 (VIOLATED)
_13014_/RESET_B                         1.50    5.19   -3.69 (VIOLATED)
_13015_/RESET_B                         1.50    5.19   -3.69 (VIOLATED)
_13016_/RESET_B                         1.50    5.19   -3.69 (VIOLATED)
_13017_/RESET_B                         1.50    5.19   -3.69 (VIOLATED)
_13018_/RESET_B                         1.50    5.19   -3.69 (VIOLATED)
_13019_/RESET_B                         1.50    5.19   -3.69 (VIOLATED)
_13020_/RESET_B                         1.50    5.19   -3.69 (VIOLATED)
_13021_/RESET_B                         1.50    5.19   -3.69 (VIOLATED)
_13022_/RESET_B                         1.50    5.19   -3.69 (VIOLATED)
_13023_/RESET_B                         1.50    5.19   -3.69 (VIOLATED)
_13024_/RESET_B                         1.50    5.19   -3.69 (VIOLATED)
_13025_/RESET_B                         1.50    5.19   -3.69 (VIOLATED)
_13026_/RESET_B                         1.50    5.19   -3.69 (VIOLATED)
_13027_/RESET_B                         1.50    5.19   -3.69 (VIOLATED)
_13028_/RESET_B                         1.50    5.19   -3.69 (VIOLATED)
_13029_/RESET_B                         1.50    5.19   -3.69 (VIOLATED)
_13030_/RESET_B                         1.50    5.19   -3.69 (VIOLATED)
_13131_/RESET_B                         1.50    5.19   -3.69 (VIOLATED)
_13132_/RESET_B                         1.50    5.19   -3.69 (VIOLATED)
_13133_/RESET_B                         1.50    5.19   -3.69 (VIOLATED)
_13134_/RESET_B                         1.50    5.19   -3.69 (VIOLATED)
_13135_/RESET_B                         1.50    5.19   -3.69 (VIOLATED)
_13136_/RESET_B                         1.50    5.19   -3.69 (VIOLATED)
_13137_/RESET_B                         1.50    5.19   -3.69 (VIOLATED)
_13138_/RESET_B                         1.50    5.19   -3.69 (VIOLATED)
_13139_/RESET_B                         1.50    5.19   -3.69 (VIOLATED)
_13140_/RESET_B                         1.50    5.19   -3.69 (VIOLATED)
_13141_/RESET_B                         1.50    5.19   -3.69 (VIOLATED)
_13142_/RESET_B                         1.50    5.19   -3.69 (VIOLATED)
_13143_/RESET_B                         1.50    5.19   -3.69 (VIOLATED)
_13144_/RESET_B                         1.50    5.19   -3.69 (VIOLATED)
_13145_/RESET_B                         1.50    5.19   -3.69 (VIOLATED)
_13146_/RESET_B                         1.50    5.19   -3.69 (VIOLATED)
_13147_/RESET_B                         1.50    5.19   -3.69 (VIOLATED)
_13148_/RESET_B                         1.50    5.19   -3.69 (VIOLATED)
_13149_/RESET_B                         1.50    5.19   -3.69 (VIOLATED)
_13150_/RESET_B                         1.50    5.19   -3.69 (VIOLATED)
_13151_/RESET_B                         1.50    5.19   -3.69 (VIOLATED)
_13152_/RESET_B                         1.50    5.19   -3.69 (VIOLATED)
_13153_/RESET_B                         1.50    5.19   -3.69 (VIOLATED)
_13154_/RESET_B                         1.50    5.19   -3.69 (VIOLATED)
_13155_/RESET_B                         1.50    5.19   -3.69 (VIOLATED)
_13156_/RESET_B                         1.50    5.19   -3.69 (VIOLATED)
_13157_/RESET_B                         1.50    5.19   -3.69 (VIOLATED)
_13158_/RESET_B                         1.50    5.19   -3.69 (VIOLATED)
_13159_/RESET_B                         1.50    5.19   -3.69 (VIOLATED)
_13160_/RESET_B                         1.50    5.19   -3.69 (VIOLATED)
_13161_/RESET_B                         1.50    5.19   -3.69 (VIOLATED)
_13162_/RESET_B                         1.50    5.19   -3.69 (VIOLATED)
_13163_/RESET_B                         1.50    5.19   -3.69 (VIOLATED)
_13252_/RESET_B                         1.50    5.19   -3.69 (VIOLATED)
_13253_/RESET_B                         1.50    5.19   -3.69 (VIOLATED)
_13254_/RESET_B                         1.50    5.19   -3.69 (VIOLATED)
_13255_/RESET_B                         1.50    5.19   -3.69 (VIOLATED)
_13256_/RESET_B                         1.50    5.19   -3.69 (VIOLATED)
_13257_/RESET_B                         1.50    5.19   -3.69 (VIOLATED)
_13258_/RESET_B                         1.50    5.19   -3.69 (VIOLATED)
_13259_/RESET_B                         1.50    5.19   -3.69 (VIOLATED)
_13260_/RESET_B                         1.50    5.19   -3.69 (VIOLATED)
_13261_/RESET_B                         1.50    5.19   -3.69 (VIOLATED)
_13262_/RESET_B                         1.50    5.19   -3.69 (VIOLATED)
_13263_/RESET_B                         1.50    5.19   -3.69 (VIOLATED)
_13264_/RESET_B                         1.50    5.19   -3.69 (VIOLATED)
_13265_/RESET_B                         1.50    5.19   -3.69 (VIOLATED)
_13266_/RESET_B                         1.50    5.19   -3.69 (VIOLATED)
_13267_/RESET_B                         1.50    5.19   -3.69 (VIOLATED)
_13268_/RESET_B                         1.50    5.19   -3.69 (VIOLATED)
_13269_/RESET_B                         1.50    5.19   -3.69 (VIOLATED)
_13270_/RESET_B                         1.50    5.19   -3.69 (VIOLATED)
_13271_/RESET_B                         1.50    5.19   -3.69 (VIOLATED)
_13272_/RESET_B                         1.50    5.19   -3.69 (VIOLATED)
_13273_/RESET_B                         1.50    5.19   -3.69 (VIOLATED)
_13274_/RESET_B                         1.50    5.19   -3.69 (VIOLATED)
_13275_/RESET_B                         1.50    5.19   -3.69 (VIOLATED)
_13276_/RESET_B                         1.50    5.19   -3.69 (VIOLATED)
_13277_/RESET_B                         1.50    5.19   -3.69 (VIOLATED)
_13278_/RESET_B                         1.50    5.19   -3.69 (VIOLATED)
_13279_/RESET_B                         1.50    5.19   -3.69 (VIOLATED)
_13280_/RESET_B                         1.50    5.19   -3.69 (VIOLATED)
_13281_/RESET_B                         1.50    5.19   -3.69 (VIOLATED)
_13282_/RESET_B                         1.50    5.19   -3.69 (VIOLATED)
_13283_/RESET_B                         1.50    5.19   -3.69 (VIOLATED)
_13284_/RESET_B                         1.50    5.19   -3.69 (VIOLATED)
_13354_/RESET_B                         1.50    5.19   -3.69 (VIOLATED)
_13355_/RESET_B                         1.50    5.19   -3.69 (VIOLATED)
_13356_/RESET_B                         1.50    5.19   -3.69 (VIOLATED)
_13357_/RESET_B                         1.50    5.19   -3.69 (VIOLATED)
_13358_/RESET_B                         1.50    5.19   -3.69 (VIOLATED)
_13359_/RESET_B                         1.50    5.19   -3.69 (VIOLATED)
_13360_/RESET_B                         1.50    5.19   -3.69 (VIOLATED)
_13361_/RESET_B                         1.50    5.19   -3.69 (VIOLATED)
_13362_/RESET_B                         1.50    5.19   -3.69 (VIOLATED)
_13363_/RESET_B                         1.50    5.19   -3.69 (VIOLATED)
_13364_/RESET_B                         1.50    5.19   -3.69 (VIOLATED)
_13365_/RESET_B                         1.50    5.19   -3.69 (VIOLATED)
_13366_/RESET_B                         1.50    5.19   -3.69 (VIOLATED)
_13367_/RESET_B                         1.50    5.19   -3.69 (VIOLATED)
_13368_/RESET_B                         1.50    5.19   -3.69 (VIOLATED)
_13369_/RESET_B                         1.50    5.19   -3.69 (VIOLATED)
_13370_/RESET_B                         1.50    5.19   -3.69 (VIOLATED)
_13371_/RESET_B                         1.50    5.19   -3.69 (VIOLATED)
_13372_/RESET_B                         1.50    5.19   -3.69 (VIOLATED)
_13373_/RESET_B                         1.50    5.19   -3.69 (VIOLATED)
_13374_/RESET_B                         1.50    5.19   -3.69 (VIOLATED)
_13375_/RESET_B                         1.50    5.19   -3.69 (VIOLATED)
_13376_/RESET_B                         1.50    5.19   -3.69 (VIOLATED)
_13377_/RESET_B                         1.50    5.19   -3.69 (VIOLATED)
_13378_/RESET_B                         1.50    5.19   -3.69 (VIOLATED)
_13379_/RESET_B                         1.50    5.19   -3.69 (VIOLATED)
_13380_/RESET_B                         1.50    5.19   -3.69 (VIOLATED)
_13381_/RESET_B                         1.50    5.19   -3.69 (VIOLATED)
_13382_/RESET_B                         1.50    5.19   -3.69 (VIOLATED)
_13383_/RESET_B                         1.50    5.19   -3.69 (VIOLATED)
_13384_/RESET_B                         1.50    5.19   -3.69 (VIOLATED)
_13385_/RESET_B                         1.50    5.19   -3.69 (VIOLATED)
_13386_/RESET_B                         1.50    5.19   -3.69 (VIOLATED)
_13435_/RESET_B                         1.50    5.19   -3.69 (VIOLATED)
_13436_/RESET_B                         1.50    5.19   -3.69 (VIOLATED)
_13437_/RESET_B                         1.50    5.19   -3.69 (VIOLATED)
_13438_/RESET_B                         1.50    5.19   -3.69 (VIOLATED)
_13439_/RESET_B                         1.50    5.19   -3.69 (VIOLATED)
_13440_/RESET_B                         1.50    5.19   -3.69 (VIOLATED)
_13441_/RESET_B                         1.50    5.19   -3.69 (VIOLATED)
_13442_/RESET_B                         1.50    5.19   -3.69 (VIOLATED)
_13443_/RESET_B                         1.50    5.19   -3.69 (VIOLATED)
_13444_/RESET_B                         1.50    5.19   -3.69 (VIOLATED)
_13445_/RESET_B                         1.50    5.19   -3.69 (VIOLATED)
_13446_/RESET_B                         1.50    5.19   -3.69 (VIOLATED)
_13447_/RESET_B                         1.50    5.19   -3.69 (VIOLATED)
_13448_/RESET_B                         1.50    5.19   -3.69 (VIOLATED)
_13449_/RESET_B                         1.50    5.19   -3.69 (VIOLATED)
_13450_/RESET_B                         1.50    5.19   -3.69 (VIOLATED)
_13451_/RESET_B                         1.50    5.19   -3.69 (VIOLATED)
_13452_/RESET_B                         1.50    5.19   -3.69 (VIOLATED)
_13453_/RESET_B                         1.50    5.19   -3.69 (VIOLATED)
_13454_/RESET_B                         1.50    5.19   -3.69 (VIOLATED)
_13455_/RESET_B                         1.50    5.19   -3.69 (VIOLATED)
_13456_/RESET_B                         1.50    5.19   -3.69 (VIOLATED)
_13457_/RESET_B                         1.50    5.19   -3.69 (VIOLATED)
_13458_/RESET_B                         1.50    5.19   -3.69 (VIOLATED)
_13459_/RESET_B                         1.50    5.19   -3.69 (VIOLATED)
_13460_/RESET_B                         1.50    5.19   -3.69 (VIOLATED)
_13461_/RESET_B                         1.50    5.19   -3.69 (VIOLATED)
_13462_/RESET_B                         1.50    5.19   -3.69 (VIOLATED)
_13463_/RESET_B                         1.50    5.19   -3.69 (VIOLATED)
_13464_/RESET_B                         1.50    5.19   -3.69 (VIOLATED)
_13465_/RESET_B                         1.50    5.19   -3.69 (VIOLATED)
_13466_/RESET_B                         1.50    5.19   -3.69 (VIOLATED)
_13467_/RESET_B                         1.50    5.19   -3.69 (VIOLATED)
_13523_/RESET_B                         1.50    5.19   -3.69 (VIOLATED)
_13524_/RESET_B                         1.50    5.19   -3.69 (VIOLATED)
_13525_/RESET_B                         1.50    5.19   -3.69 (VIOLATED)
_13526_/RESET_B                         1.50    5.19   -3.69 (VIOLATED)
_13527_/RESET_B                         1.50    5.19   -3.69 (VIOLATED)
_13528_/RESET_B                         1.50    5.19   -3.69 (VIOLATED)
_13529_/RESET_B                         1.50    5.19   -3.69 (VIOLATED)
_13530_/RESET_B                         1.50    5.19   -3.69 (VIOLATED)
_13531_/RESET_B                         1.50    5.19   -3.69 (VIOLATED)
_13532_/RESET_B                         1.50    5.19   -3.69 (VIOLATED)
_13533_/RESET_B                         1.50    5.19   -3.69 (VIOLATED)
_13534_/RESET_B                         1.50    5.19   -3.69 (VIOLATED)
_13535_/RESET_B                         1.50    5.19   -3.69 (VIOLATED)
_13536_/RESET_B                         1.50    5.19   -3.69 (VIOLATED)
_13537_/RESET_B                         1.50    5.19   -3.69 (VIOLATED)
_13538_/RESET_B                         1.50    5.19   -3.69 (VIOLATED)
_13539_/RESET_B                         1.50    5.19   -3.69 (VIOLATED)
_13540_/RESET_B                         1.50    5.19   -3.69 (VIOLATED)
_13541_/RESET_B                         1.50    5.19   -3.69 (VIOLATED)
_13542_/RESET_B                         1.50    5.19   -3.69 (VIOLATED)
_13543_/RESET_B                         1.50    5.19   -3.69 (VIOLATED)
_13544_/RESET_B                         1.50    5.19   -3.69 (VIOLATED)
_13545_/RESET_B                         1.50    5.19   -3.69 (VIOLATED)
_13546_/RESET_B                         1.50    5.19   -3.69 (VIOLATED)
_13547_/RESET_B                         1.50    5.19   -3.69 (VIOLATED)
_13548_/RESET_B                         1.50    5.19   -3.69 (VIOLATED)
_13549_/RESET_B                         1.50    5.19   -3.69 (VIOLATED)
_13550_/RESET_B                         1.50    5.19   -3.69 (VIOLATED)
_13551_/RESET_B                         1.50    5.19   -3.69 (VIOLATED)
_13552_/RESET_B                         1.50    5.19   -3.69 (VIOLATED)
_13553_/RESET_B                         1.50    5.19   -3.69 (VIOLATED)
_13554_/RESET_B                         1.50    5.19   -3.69 (VIOLATED)
_13555_/RESET_B                         1.50    5.19   -3.69 (VIOLATED)
_13589_/RESET_B                         1.50    5.19   -3.69 (VIOLATED)
_13590_/RESET_B                         1.50    5.19   -3.69 (VIOLATED)
_13591_/RESET_B                         1.50    5.19   -3.69 (VIOLATED)
_13592_/RESET_B                         1.50    5.19   -3.69 (VIOLATED)
_13593_/RESET_B                         1.50    5.19   -3.69 (VIOLATED)
_13594_/RESET_B                         1.50    5.19   -3.69 (VIOLATED)
_13595_/RESET_B                         1.50    5.19   -3.69 (VIOLATED)
_13596_/RESET_B                         1.50    5.19   -3.69 (VIOLATED)
_13597_/RESET_B                         1.50    5.19   -3.69 (VIOLATED)
_13598_/RESET_B                         1.50    5.19   -3.69 (VIOLATED)
_13599_/RESET_B                         1.50    5.19   -3.69 (VIOLATED)
_13600_/RESET_B                         1.50    5.19   -3.69 (VIOLATED)
_13601_/RESET_B                         1.50    5.19   -3.69 (VIOLATED)
_13602_/RESET_B                         1.50    5.19   -3.69 (VIOLATED)
_13603_/RESET_B                         1.50    5.19   -3.69 (VIOLATED)
_13604_/RESET_B                         1.50    5.19   -3.69 (VIOLATED)
_13605_/RESET_B                         1.50    5.19   -3.69 (VIOLATED)
_13606_/RESET_B                         1.50    5.19   -3.69 (VIOLATED)
_13607_/RESET_B                         1.50    5.19   -3.69 (VIOLATED)
_13608_/RESET_B                         1.50    5.19   -3.69 (VIOLATED)
_13609_/RESET_B                         1.50    5.19   -3.69 (VIOLATED)
_13610_/RESET_B                         1.50    5.19   -3.69 (VIOLATED)
_13611_/RESET_B                         1.50    5.19   -3.69 (VIOLATED)
_13612_/RESET_B                         1.50    5.19   -3.69 (VIOLATED)
_13613_/RESET_B                         1.50    5.19   -3.69 (VIOLATED)
_13614_/RESET_B                         1.50    5.19   -3.69 (VIOLATED)
_13615_/RESET_B                         1.50    5.19   -3.69 (VIOLATED)
_13616_/RESET_B                         1.50    5.19   -3.69 (VIOLATED)
_13617_/RESET_B                         1.50    5.19   -3.69 (VIOLATED)
_13618_/RESET_B                         1.50    5.19   -3.69 (VIOLATED)
_13619_/RESET_B                         1.50    5.19   -3.69 (VIOLATED)
_13620_/RESET_B                         1.50    5.19   -3.69 (VIOLATED)
_13621_/RESET_B                         1.50    5.19   -3.69 (VIOLATED)
_13667_/RESET_B                         1.50    5.19   -3.69 (VIOLATED)
_13668_/RESET_B                         1.50    5.19   -3.69 (VIOLATED)
_13669_/RESET_B                         1.50    5.19   -3.69 (VIOLATED)
_13670_/RESET_B                         1.50    5.19   -3.69 (VIOLATED)
_13671_/RESET_B                         1.50    5.19   -3.69 (VIOLATED)
_13672_/RESET_B                         1.50    5.19   -3.69 (VIOLATED)
_13673_/RESET_B                         1.50    5.19   -3.69 (VIOLATED)
_13674_/RESET_B                         1.50    5.19   -3.69 (VIOLATED)
_13675_/RESET_B                         1.50    5.19   -3.69 (VIOLATED)
_13676_/RESET_B                         1.50    5.19   -3.69 (VIOLATED)
_13677_/RESET_B                         1.50    5.19   -3.69 (VIOLATED)
_13678_/RESET_B                         1.50    5.19   -3.69 (VIOLATED)
_13679_/RESET_B                         1.50    5.19   -3.69 (VIOLATED)
_13680_/RESET_B                         1.50    5.19   -3.69 (VIOLATED)
_13681_/RESET_B                         1.50    5.19   -3.69 (VIOLATED)
_13682_/RESET_B                         1.50    5.19   -3.69 (VIOLATED)
_13683_/RESET_B                         1.50    5.19   -3.69 (VIOLATED)
_13684_/RESET_B                         1.50    5.19   -3.69 (VIOLATED)
_13685_/RESET_B                         1.50    5.19   -3.69 (VIOLATED)
_13686_/RESET_B                         1.50    5.19   -3.69 (VIOLATED)
_13687_/RESET_B                         1.50    5.19   -3.69 (VIOLATED)
_13688_/RESET_B                         1.50    5.19   -3.69 (VIOLATED)
_13689_/RESET_B                         1.50    5.19   -3.69 (VIOLATED)
_13690_/RESET_B                         1.50    5.19   -3.69 (VIOLATED)
_13691_/RESET_B                         1.50    5.19   -3.69 (VIOLATED)
_13692_/RESET_B                         1.50    5.19   -3.69 (VIOLATED)
_13693_/RESET_B                         1.50    5.19   -3.69 (VIOLATED)
_13694_/RESET_B                         1.50    5.19   -3.69 (VIOLATED)
_13695_/RESET_B                         1.50    5.19   -3.69 (VIOLATED)
_13696_/RESET_B                         1.50    5.19   -3.69 (VIOLATED)
_13697_/RESET_B                         1.50    5.19   -3.69 (VIOLATED)
_13698_/RESET_B                         1.50    5.19   -3.69 (VIOLATED)
_13699_/RESET_B                         1.50    5.19   -3.69 (VIOLATED)

max capacitance

Pin                                    Limit     Cap   Slack
------------------------------------------------------------
rst_n                                   0.33    1.16   -0.83 (VIOLATED)


===========================================================================
max slew violation count 313
max fanout violation count 0
max cap violation count 1
============================================================================
