
===========================================================================
 report_power
============================================================================


======================= Slowest Corner =================================

Group                  Internal  Switching    Leakage      Total
                          Power      Power      Power      Power
----------------------------------------------------------------
Sequential             6.95e-03   3.94e-04   3.07e-05   7.37e-03  49.1%
Combinational          3.97e-03   3.64e-03   4.08e-05   7.65e-03  50.9%
Macro                  0.00e+00   0.00e+00   0.00e+00   0.00e+00   0.0%
Pad                    0.00e+00   0.00e+00   0.00e+00   0.00e+00   0.0%
----------------------------------------------------------------
Total                  1.09e-02   4.04e-03   7.15e-05   1.50e-02 100.0%
                          72.7%      26.9%       0.5%

======================= Typical Corner ===================================

Group                  Internal  Switching    Leakage      Total
                          Power      Power      Power      Power
----------------------------------------------------------------
Sequential             8.96e-03   5.03e-04   1.78e-08   9.46e-03  49.5%
Combinational          4.94e-03   4.73e-03   6.79e-08   9.67e-03  50.5%
Macro                  0.00e+00   0.00e+00   0.00e+00   0.00e+00   0.0%
Pad                    0.00e+00   0.00e+00   0.00e+00   0.00e+00   0.0%
----------------------------------------------------------------
Total                  1.39e-02   5.23e-03   8.56e-08   1.91e-02 100.0%
                          72.6%      27.4%       0.0%


======================= Fastest Corner =================================

Group                  Internal  Switching    Leakage      Total
                          Power      Power      Power      Power
----------------------------------------------------------------
Sequential             1.04e-02   5.97e-04   2.98e-08   1.10e-02  48.9%
Combinational          5.83e-03   5.63e-03   8.87e-08   1.15e-02  51.1%
Macro                  0.00e+00   0.00e+00   0.00e+00   0.00e+00   0.0%
Pad                    0.00e+00   0.00e+00   0.00e+00   0.00e+00   0.0%
----------------------------------------------------------------
Total                  1.62e-02   6.23e-03   1.19e-07   2.25e-02 100.0%
                          72.2%      27.8%       0.0%
