
===========================================================================
report_checks -path_delay max (Setup)
============================================================================
Startpoint: rst_n (input port clocked by clk)
Endpoint: _13692_ (recovery check against rising-edge clock clk)
Path Group: **async_default**
Path Type: max

Fanout     Cap    Slew   Delay    Time   Description
-----------------------------------------------------------------------------
                  0.15    0.00    0.00   clock clk (rise edge)
                          0.00    0.00   clock network delay (ideal)
                          2.00    2.00 ^ input external delay
                  8.09    5.97    7.97 ^ rst_n (in)
   312    1.82                           rst_n (net)
                  8.12    0.00    7.97 ^ _13692_/RESET_B (sky130_fd_sc_hd__dfrtp_2)
                                  7.97   data arrival time

                  0.15   10.00   10.00   clock clk (rise edge)
                          0.00   10.00   clock network delay (ideal)
                         -0.25    9.75   clock uncertainty
                          0.00    9.75   clock reconvergence pessimism
                                  9.75 ^ _13692_/CLK (sky130_fd_sc_hd__dfrtp_2)
                         -2.48    7.27   library recovery time
                                  7.27   data required time
-----------------------------------------------------------------------------
                                  7.27   data required time
                                 -7.97   data arrival time
-----------------------------------------------------------------------------
                                 -0.70   slack (VIOLATED)


Startpoint: rst_n (input port clocked by clk)
Endpoint: _13691_ (recovery check against rising-edge clock clk)
Path Group: **async_default**
Path Type: max

Fanout     Cap    Slew   Delay    Time   Description
-----------------------------------------------------------------------------
                  0.15    0.00    0.00   clock clk (rise edge)
                          0.00    0.00   clock network delay (ideal)
                          2.00    2.00 ^ input external delay
                  8.09    5.97    7.97 ^ rst_n (in)
   312    1.82                           rst_n (net)
                  8.12    0.00    7.97 ^ _13691_/RESET_B (sky130_fd_sc_hd__dfrtp_2)
                                  7.97   data arrival time

                  0.15   10.00   10.00   clock clk (rise edge)
                          0.00   10.00   clock network delay (ideal)
                         -0.25    9.75   clock uncertainty
                          0.00    9.75   clock reconvergence pessimism
                                  9.75 ^ _13691_/CLK (sky130_fd_sc_hd__dfrtp_2)
                         -2.48    7.27   library recovery time
                                  7.27   data required time
-----------------------------------------------------------------------------
                                  7.27   data required time
                                 -7.97   data arrival time
-----------------------------------------------------------------------------
                                 -0.70   slack (VIOLATED)


Startpoint: rst_n (input port clocked by clk)
Endpoint: _13693_ (recovery check against rising-edge clock clk)
Path Group: **async_default**
Path Type: max

Fanout     Cap    Slew   Delay    Time   Description
-----------------------------------------------------------------------------
                  0.15    0.00    0.00   clock clk (rise edge)
                          0.00    0.00   clock network delay (ideal)
                          2.00    2.00 ^ input external delay
                  8.09    5.97    7.97 ^ rst_n (in)
   312    1.82                           rst_n (net)
                  8.12    0.00    7.97 ^ _13693_/RESET_B (sky130_fd_sc_hd__dfrtp_2)
                                  7.97   data arrival time

                  0.15   10.00   10.00   clock clk (rise edge)
                          0.00   10.00   clock network delay (ideal)
                         -0.25    9.75   clock uncertainty
                          0.00    9.75   clock reconvergence pessimism
                                  9.75 ^ _13693_/CLK (sky130_fd_sc_hd__dfrtp_2)
                         -2.48    7.27   library recovery time
                                  7.27   data required time
-----------------------------------------------------------------------------
                                  7.27   data required time
                                 -7.97   data arrival time
-----------------------------------------------------------------------------
                                 -0.70   slack (VIOLATED)


Startpoint: rst_n (input port clocked by clk)
Endpoint: _13696_ (recovery check against rising-edge clock clk)
Path Group: **async_default**
Path Type: max

Fanout     Cap    Slew   Delay    Time   Description
-----------------------------------------------------------------------------
                  0.15    0.00    0.00   clock clk (rise edge)
                          0.00    0.00   clock network delay (ideal)
                          2.00    2.00 ^ input external delay
                  8.09    5.97    7.97 ^ rst_n (in)
   312    1.82                           rst_n (net)
                  8.12    0.00    7.97 ^ _13696_/RESET_B (sky130_fd_sc_hd__dfrtp_2)
                                  7.97   data arrival time

                  0.15   10.00   10.00   clock clk (rise edge)
                          0.00   10.00   clock network delay (ideal)
                         -0.25    9.75   clock uncertainty
                          0.00    9.75   clock reconvergence pessimism
                                  9.75 ^ _13696_/CLK (sky130_fd_sc_hd__dfrtp_2)
                         -2.48    7.27   library recovery time
                                  7.27   data required time
-----------------------------------------------------------------------------
                                  7.27   data required time
                                 -7.97   data arrival time
-----------------------------------------------------------------------------
                                 -0.70   slack (VIOLATED)


Startpoint: rst_n (input port clocked by clk)
Endpoint: _13694_ (recovery check against rising-edge clock clk)
Path Group: **async_default**
Path Type: max

Fanout     Cap    Slew   Delay    Time   Description
-----------------------------------------------------------------------------
                  0.15    0.00    0.00   clock clk (rise edge)
                          0.00    0.00   clock network delay (ideal)
                          2.00    2.00 ^ input external delay
                  8.09    5.97    7.97 ^ rst_n (in)
   312    1.82                           rst_n (net)
                  8.12    0.00    7.97 ^ _13694_/RESET_B (sky130_fd_sc_hd__dfrtp_2)
                                  7.97   data arrival time

                  0.15   10.00   10.00   clock clk (rise edge)
                          0.00   10.00   clock network delay (ideal)
                         -0.25    9.75   clock uncertainty
                          0.00    9.75   clock reconvergence pessimism
                                  9.75 ^ _13694_/CLK (sky130_fd_sc_hd__dfrtp_2)
                         -2.48    7.27   library recovery time
                                  7.27   data required time
-----------------------------------------------------------------------------
                                  7.27   data required time
                                 -7.97   data arrival time
-----------------------------------------------------------------------------
                                 -0.70   slack (VIOLATED)


Startpoint: rst_n (input port clocked by clk)
Endpoint: _14735_ (rising edge-triggered flip-flop clocked by clk)
Path Group: clk
Path Type: max

Fanout     Cap    Slew   Delay    Time   Description
-----------------------------------------------------------------------------
                  0.15    0.00    0.00   clock clk (rise edge)
                          0.00    0.00   clock network delay (ideal)
                          2.00    2.00 ^ input external delay
                  8.09    5.94    7.94 ^ rst_n (in)
   312    1.82                           rst_n (net)
                  8.11    0.00    7.94 ^ _12579_/A (sky130_fd_sc_hd__buf_1)
                  0.26    0.43    8.36 ^ _12579_/X (sky130_fd_sc_hd__buf_1)
     5    0.02                           _05847_ (net)
                  0.26    0.00    8.36 ^ _12580_/A (sky130_fd_sc_hd__buf_1)
                  0.31    0.32    8.69 ^ _12580_/X (sky130_fd_sc_hd__buf_1)
     5    0.03                           _05848_ (net)
                  0.31    0.00    8.69 ^ _12615_/B1 (sky130_fd_sc_hd__o21a_2)
                  0.03    0.20    8.88 ^ _12615_/X (sky130_fd_sc_hd__o21a_2)
     1    0.00                           _00669_ (net)
                  0.03    0.00    8.88 ^ _14735_/D (sky130_fd_sc_hd__dfxtp_2)
                                  8.88   data arrival time

                  0.15   10.00   10.00   clock clk (rise edge)
                          0.00   10.00   clock network delay (ideal)
                         -0.25    9.75   clock uncertainty
                          0.00    9.75   clock reconvergence pessimism
                                  9.75 ^ _14735_/CLK (sky130_fd_sc_hd__dfxtp_2)
                         -0.04    9.71   library setup time
                                  9.71   data required time
-----------------------------------------------------------------------------
                                  9.71   data required time
                                 -8.88   data arrival time
-----------------------------------------------------------------------------
                                  0.83   slack (MET)


Startpoint: rst_n (input port clocked by clk)
Endpoint: _14729_ (rising edge-triggered flip-flop clocked by clk)
Path Group: clk
Path Type: max

Fanout     Cap    Slew   Delay    Time   Description
-----------------------------------------------------------------------------
                  0.15    0.00    0.00   clock clk (rise edge)
                          0.00    0.00   clock network delay (ideal)
                          2.00    2.00 ^ input external delay
                  8.09    5.94    7.94 ^ rst_n (in)
   312    1.82                           rst_n (net)
                  8.11    0.00    7.94 ^ _12579_/A (sky130_fd_sc_hd__buf_1)
                  0.26    0.43    8.36 ^ _12579_/X (sky130_fd_sc_hd__buf_1)
     5    0.02                           _05847_ (net)
                  0.26    0.00    8.36 ^ _12580_/A (sky130_fd_sc_hd__buf_1)
                  0.31    0.32    8.69 ^ _12580_/X (sky130_fd_sc_hd__buf_1)
     5    0.03                           _05848_ (net)
                  0.31    0.00    8.69 ^ _12597_/B1 (sky130_fd_sc_hd__o21a_2)
                  0.03    0.19    8.88 ^ _12597_/X (sky130_fd_sc_hd__o21a_2)
     1    0.00                           _00663_ (net)
                  0.03    0.00    8.88 ^ _14729_/D (sky130_fd_sc_hd__dfxtp_2)
                                  8.88   data arrival time

                  0.15   10.00   10.00   clock clk (rise edge)
                          0.00   10.00   clock network delay (ideal)
                         -0.25    9.75   clock uncertainty
                          0.00    9.75   clock reconvergence pessimism
                                  9.75 ^ _14729_/CLK (sky130_fd_sc_hd__dfxtp_2)
                         -0.04    9.71   library setup time
                                  9.71   data required time
-----------------------------------------------------------------------------
                                  9.71   data required time
                                 -8.88   data arrival time
-----------------------------------------------------------------------------
                                  0.83   slack (MET)


Startpoint: rst_n (input port clocked by clk)
Endpoint: _14736_ (rising edge-triggered flip-flop clocked by clk)
Path Group: clk
Path Type: max

Fanout     Cap    Slew   Delay    Time   Description
-----------------------------------------------------------------------------
                  0.15    0.00    0.00   clock clk (rise edge)
                          0.00    0.00   clock network delay (ideal)
                          2.00    2.00 ^ input external delay
                  8.09    5.94    7.94 ^ rst_n (in)
   312    1.82                           rst_n (net)
                  8.11    0.00    7.94 ^ _12579_/A (sky130_fd_sc_hd__buf_1)
                  0.26    0.43    8.36 ^ _12579_/X (sky130_fd_sc_hd__buf_1)
     5    0.02                           _05847_ (net)
                  0.26    0.00    8.36 ^ _12617_/A (sky130_fd_sc_hd__buf_1)
                  0.23    0.27    8.63 ^ _12617_/X (sky130_fd_sc_hd__buf_1)
     5    0.02                           _05876_ (net)
                  0.23    0.00    8.63 ^ _12618_/C1 (sky130_fd_sc_hd__o211a_2)
                  0.05    0.23    8.86 ^ _12618_/X (sky130_fd_sc_hd__o211a_2)
     1    0.00                           _00670_ (net)
                  0.05    0.00    8.86 ^ _14736_/D (sky130_fd_sc_hd__dfxtp_2)
                                  8.86   data arrival time

                  0.15   10.00   10.00   clock clk (rise edge)
                          0.00   10.00   clock network delay (ideal)
                         -0.25    9.75   clock uncertainty
                          0.00    9.75   clock reconvergence pessimism
                                  9.75 ^ _14736_/CLK (sky130_fd_sc_hd__dfxtp_2)
                         -0.04    9.71   library setup time
                                  9.71   data required time
-----------------------------------------------------------------------------
                                  9.71   data required time
                                 -8.86   data arrival time
-----------------------------------------------------------------------------
                                  0.85   slack (MET)


Startpoint: rst_n (input port clocked by clk)
Endpoint: _14737_ (rising edge-triggered flip-flop clocked by clk)
Path Group: clk
Path Type: max

Fanout     Cap    Slew   Delay    Time   Description
-----------------------------------------------------------------------------
                  0.15    0.00    0.00   clock clk (rise edge)
                          0.00    0.00   clock network delay (ideal)
                          2.00    2.00 ^ input external delay
                  8.09    5.94    7.94 ^ rst_n (in)
   312    1.82                           rst_n (net)
                  8.11    0.00    7.94 ^ _12579_/A (sky130_fd_sc_hd__buf_1)
                  0.26    0.43    8.36 ^ _12579_/X (sky130_fd_sc_hd__buf_1)
     5    0.02                           _05847_ (net)
                  0.26    0.00    8.36 ^ _12617_/A (sky130_fd_sc_hd__buf_1)
                  0.23    0.27    8.63 ^ _12617_/X (sky130_fd_sc_hd__buf_1)
     5    0.02                           _05876_ (net)
                  0.23    0.00    8.63 ^ _12620_/C1 (sky130_fd_sc_hd__o211a_2)
                  0.04    0.22    8.85 ^ _12620_/X (sky130_fd_sc_hd__o211a_2)
     1    0.00                           _00671_ (net)
                  0.04    0.00    8.85 ^ _14737_/D (sky130_fd_sc_hd__dfxtp_2)
                                  8.85   data arrival time

                  0.15   10.00   10.00   clock clk (rise edge)
                          0.00   10.00   clock network delay (ideal)
                         -0.25    9.75   clock uncertainty
                          0.00    9.75   clock reconvergence pessimism
                                  9.75 ^ _14737_/CLK (sky130_fd_sc_hd__dfxtp_2)
                         -0.04    9.71   library setup time
                                  9.71   data required time
-----------------------------------------------------------------------------
                                  9.71   data required time
                                 -8.85   data arrival time
-----------------------------------------------------------------------------
                                  0.86   slack (MET)


Startpoint: rst_n (input port clocked by clk)
Endpoint: _14738_ (rising edge-triggered flip-flop clocked by clk)
Path Group: clk
Path Type: max

Fanout     Cap    Slew   Delay    Time   Description
-----------------------------------------------------------------------------
                  0.15    0.00    0.00   clock clk (rise edge)
                          0.00    0.00   clock network delay (ideal)
                          2.00    2.00 ^ input external delay
                  8.09    5.94    7.94 ^ rst_n (in)
   312    1.82                           rst_n (net)
                  8.11    0.00    7.94 ^ _12579_/A (sky130_fd_sc_hd__buf_1)
                  0.26    0.43    8.36 ^ _12579_/X (sky130_fd_sc_hd__buf_1)
     5    0.02                           _05847_ (net)
                  0.26    0.00    8.36 ^ _12617_/A (sky130_fd_sc_hd__buf_1)
                  0.23    0.27    8.63 ^ _12617_/X (sky130_fd_sc_hd__buf_1)
     5    0.02                           _05876_ (net)
                  0.23    0.00    8.63 ^ _12622_/C1 (sky130_fd_sc_hd__o211a_2)
                  0.04    0.22    8.85 ^ _12622_/X (sky130_fd_sc_hd__o211a_2)
     1    0.00                           _00672_ (net)
                  0.04    0.00    8.85 ^ _14738_/D (sky130_fd_sc_hd__dfxtp_2)
                                  8.85   data arrival time

                  0.15   10.00   10.00   clock clk (rise edge)
                          0.00   10.00   clock network delay (ideal)
                         -0.25    9.75   clock uncertainty
                          0.00    9.75   clock reconvergence pessimism
                                  9.75 ^ _14738_/CLK (sky130_fd_sc_hd__dfxtp_2)
                         -0.04    9.71   library setup time
                                  9.71   data required time
-----------------------------------------------------------------------------
                                  9.71   data required time
                                 -8.85   data arrival time
-----------------------------------------------------------------------------
                                  0.86   slack (MET)


